2025-07-10 12:28:25 - Nouveau matériel bgh8945 - To: kamelrmeda123@gmail.com
Un nouveau matériel a été ajouté au système:
Numéro de série: bgh8945
Utilisateur: hassen
Marque: DELL
Type: kou3Namla

2025-07-10 14:28:16 - Nouveau matériel n88gvhn - To: kamelrmeda123@gmail.com
Un nouveau matériel a été ajouté au système:
Numéro de série: n88gvhn
Utilisateur: helmi
Marque: asus
Type: kou3Namla

2025-07-14 20:13:23 POST: {"action":"fin_inventaire","ste":"prod","state":"en-service","present":["e4fzzd"]}
2025-07-14 20:13:44 POST: {"action":"fin_inventaire","ste":"prod","state":"en-service","present":["e4fzzd"]}
2025-07-14 21:24:40 POST: {"action":"recuperer_inventaire","NumSerie":"5hkll"}
2025-07-14 21:29:10 POST: {"action":"fin_inventaire","ste":"prod","state":"endommage","present":["55555"]}
2025-07-14 21:40:22 POST: {"action":"fin_inventaire","ste":"prod","state":"en-stock","present":["efv77fe"]}
2025-07-14 21:40:50 POST: {"action":"recuperer_inventaire","NumSerie":"5hkll"}
2025-07-14 15:00:12 POST: {"action":"fin_inventaire","ste":"prod","state":"en-stock","present":["efv77fe"]}
2025-07-14 15:02:23 POST: {"action":"fin_inventaire","ste":"prod","state":"en-stock","present":["efv77fe"]}
2025-07-14 15:02:39 POST: {"action":"recuperer_inventaire","NumSerie":"5hkll"}
2025-07-14 15:03:14 POST: {"action":"fin_inventaire","ste":"prod","state":"casse"}
2025-07-14 15:05:23 POST: {"action":"fin_inventaire","ste":"comm","state":"en-service","present":["jefnu47","7754"]}
2025-07-14 15:05:44 POST: {"action":"fin_inventaire","ste":"comm","state":"en-stock","present":["ugtvf888","jhrfcr7777"]}
2025-07-14 15:05:50 POST: {"action":"recuperer_inventaire","NumSerie":"jefnu47"}
2025-07-14 15:19:58 POST: {"action":"add_materiel","STE":"prod","NumSerie":"hjbg841","CodeUtilisateur":"155557","CodeFournisseur":"fedi@gmail.com","CodeMarque":"16","CodeType":"17","Model":"","Dateentree":"","Processeur":"","graphique":"","disqdur":"","mhtz":"","mo":"","memoire":"","ip":"","ecran":"","pouce":"","stock":"en-service","damage_cause":"","classification":"","observation":""}
2025-07-14 15:20:41 POST: {"action":"fin_inventaire","ste":"prod","state":"en-service","present":["hjbg841"]}
2025-07-14 15:21:18 POST: {"action":"fin_inventaire","ste":"prod","state":"casse"}
2025-07-14 15:22:02 POST: {"action":"add_materiel","STE":"prod","NumSerie":"mkjhyb877","CodeUtilisateur":"14","CodeFournisseur":"fedi3@gmail.com","CodeMarque":"16","CodeType":"18","Model":"","Dateentree":"","Processeur":"","graphique":"","disqdur":"","mhtz":"","mo":"","memoire":"","ip":"","ecran":"","pouce":"","stock":"en-service","damage_cause":"","classification":"","observation":""}
2025-07-14 15:22:39 POST: {"action":"fin_inventaire","ste":"prod","state":"en-service","present":["mkjhyb877"]}
2025-07-17 15:48:25 POST: {"action":"add_materiel","STE":"prod","NumSerie":"5585zfzfzf","CodeUtilisateur":"14","CodeFournisseur":"fedi@gmail.com","CodeMarque":"123459","CodeType":"18","Model":"","Dateentree":"","Processeur":"","graphique":"","disqdur":"","mhtz":"","mo":"","memoire":"","ip":"","ecran":"","pouce":"","stock":"en-service","damage_cause":"","classification":"","observation":""}
2025-07-17 15:48:40 POST: {"action":"change_state","NumSerie":"5585zfzfzf","STE":"prod","redirect_state":"all","stock":"2"}
2025-07-17 15:50:32 POST: {"action":"change_state","ste":"prod","state":"all","NumSerie":"mkjhyb877","STE":"prod","redirect_state":"all","stock":"1"}
2025-07-17 15:51:13 POST: {"action":"fin_inventaire","ste":"prod","state":"all","present":["mkjhyb877","hjbg841","hghgh","efv77fe","e4fzzd","5hkll","5585zfzfzf"]}
2025-07-17 15:51:49 POST: {"action":"add_service","STE":"prod","Libelle":"cpm"}
2025-07-17 15:54:09 POST: {"action":"fin_inventaire","ste":"comm","state":"all","present":["ugtvf888","klcn4","jhrfcr7777","jefnu47","88995"]}
2025-07-17 15:54:23 POST: {"action":"recuperer_inventaire","NumSerie":"7754","STE":"comm"}
2025-07-17 15:55:03 POST: {"action":"modify_materiel","STE":"prod","NumSerie":"hghgh","CodeUtilisateur":"123","CodeFournisseur":"khlifa@gmail.com","CodeMarque":"123457","CodeType":"18","Model":"","Dateentree":"","Processeur":"","graphique":"","disqdur":"","mhtz":"","mo":"","memoire":"","ip":"","ecran":"","pouce":"","classification":"","observation":""}
2025-07-17 15:55:32 POST: {"action":"transfer_materiel","NumSerie":"mkjhyb877","STE":"prod","target_STE":"COMM","CodeUtilisateur":"1566"}
2025-07-17 16:04:22 POST: {"action":"modify_materiel","STE":"prod","NumSerie":"hjbg841","CodeUtilisateur":"155557","CodeFournisseur":"fedi@gmail.com","CodeMarque":"16","CodeType":"15","Model":"","Dateentree":"","Processeur":"","graphique":"","disqdur":"","mhtz":"","mo":"","memoire":"","ip":"","ecran":"","pouce":"","classification":"","observation":""}
2025-07-17 16:10:06 POST: {"action":"modify_materiel","STE":"prod","NumSerie":"hjbg841","CodeUtilisateur":"155557","CodeFournisseur":"fedi@gmail.com","CodeMarque":"16","CodeType":"19","Model":"","Dateentree":"","Processeur":"","graphique":"","disqdur":"","mhtz":"","mo":"","memoire":"","ip":"","ecran":"","pouce":"","classification":"","observation":""}
2025-07-17 16:15:29 POST: {"action":"add_materiel","STE":"prod","NumSerie":"f555z848fzfz","CodeUtilisateur":"155557","CodeFournisseur":"fedi3@gmail.com","CodeMarque":"123459","CodeType":"19","Model":"","Dateentree":"","Processeur":"","graphique":"","disqdur":"","mhtz":"","mo":"","memoire":"","ip":"","ecran":"","pouce":"","classification":"","observation":""}
2025-07-17 16:30:29 POST: {"action":"modify_materiel","STE":"prod","NumSerie":"hjbg841","CodeUtilisateur":"123","CodeFournisseur":"fedi3@gmail.com","CodeMarque":"123457","CodeType":"19","Model":"","Dateentree":"","Processeur":"","graphique":"","disqdur":"","mhtz":"","mo":"","memoire":"","ip":"","ecran":"","pouce":"","classification":"","stock":"en-stock","damage_cause":"","observation":""}
2025-07-17 16:30:44 POST: {"action":"modify_materiel","STE":"prod","NumSerie":"hjbg841","CodeUtilisateur":"155557","CodeFournisseur":"fedi3@gmail.com","CodeMarque":"123457","CodeType":"19","Model":"","Dateentree":"","Processeur":"","graphique":"","disqdur":"","mhtz":"","mo":"","memoire":"","ip":"","ecran":"","pouce":"","classification":"","stock":"en-service","damage_cause":"","observation":""}
2025-07-17 16:35:44 POST: {"action":"modify_materiel","STE":"prod","NumSerie":"hjbg841","CodeUtilisateur":"123","CodeFournisseur":"fedi3@gmail.com","CodeMarque":"123457","CodeType":"19","Model":"","Dateentree":"","Processeur":"","graphique":"","disqdur":"","mhtz":"","mo":"","memoire":"","ip":"","ecran":"","pouce":"","classification":"","stock":"en-service","damage_cause":"","observation":""}
2025-07-17 16:36:19 POST: {"action":"modify_materiel","STE":"prod","NumSerie":"hjbg841","CodeUtilisateur":"14","CodeFournisseur":"fedi3@gmail.com","CodeMarque":"123457","CodeType":"19","Model":"","Dateentree":"","Processeur":"","graphique":"","disqdur":"","mhtz":"","mo":"","memoire":"","ip":"","ecran":"","pouce":"","classification":"","stock":"en-service","damage_cause":"","observation":""}
2025-07-17 16:39:46 POST: {"action":"modify_materiel","STE":"prod","NumSerie":"hjbg841","CodeUtilisateur":"155557","CodeFournisseur":"fedi3@gmail.com","CodeMarque":"123457","CodeType":"19","Model":"","Dateentree":"","Processeur":"","graphique":"","disqdur":"","mhtz":"","mo":"","memoire":"","ip":"","ecran":"","pouce":"","classification":"","stock":"en-service","damage_cause":"","observation":""}
2025-07-17 16:39:56 POST: {"action":"modify_materiel","STE":"prod","NumSerie":"hjbg841","CodeUtilisateur":"123","CodeFournisseur":"fedi3@gmail.com","CodeMarque":"123457","CodeType":"19","Model":"","Dateentree":"","Processeur":"","graphique":"","disqdur":"","mhtz":"","mo":"","memoire":"","ip":"","ecran":"","pouce":"","classification":"","stock":"en-service","damage_cause":"","observation":""}
2025-07-17 16:45:06 POST: {"action":"modify_materiel","STE":"prod","NumSerie":"hjbg841","CodeUtilisateur":"155557","CodeFournisseur":"fedi3@gmail.com","CodeMarque":"123457","CodeType":"19","Model":"","Dateentree":"","Processeur":"","graphique":"","disqdur":"","mhtz":"","mo":"","memoire":"","ip":"","ecran":"","pouce":"","classification":"","stock":"en-service","damage_cause":"","observation":""}
2025-07-17 16:48:26 POST: {"action":"modify_materiel","STE":"prod","NumSerie":"hghgh","CodeUtilisateur":"155557","CodeFournisseur":"khlifa@gmail.com","CodeMarque":"123457","CodeType":"18","Model":"","Dateentree":"","Processeur":"","graphique":"","disqdur":"","mhtz":"","mo":"","memoire":"","ip":"","ecran":"","pouce":"","classification":"","stock":"en-service","damage_cause":"","observation":""}
2025-07-17 16:59:17 POST: {"action":"modify_materiel","STE":"prod","NumSerie":"hjbg841","CodeUtilisateur":"123","CodeFournisseur":"fedi3@gmail.com","CodeMarque":"123457","CodeType":"19","Model":"","Dateentree":"","Processeur":"","graphique":"","disqdur":"","mhtz":"","mo":"","memoire":"","ip":"","ecran":"","pouce":"","classification":"","stock":"en-service","damage_cause":"","observation":""}
2025-07-17 17:14:55 POST: {"action":"modify_materiel","STE":"prod","NumSerie":"hjbg841","CodeUtilisateur":"155557","CodeFournisseur":"fedi3@gmail.com","CodeMarque":"123457","CodeType":"19","Model":"","Dateentree":"","Processeur":"","graphique":"","disqdur":"","mhtz":"","mo":"","memoire":"","ip":"","ecran":"","pouce":"","classification":"","stock":"en-service","damage_cause":"","observation":""}
2025-07-17 17:19:41 POST: {"action":"change_state","ste":"prod","state":"all","NumSerie":"hjbg841","STE":"prod","redirect_state":"all","stock":"1"}
2025-07-17 17:19:56 POST: {"action":"modify_materiel","STE":"prod","NumSerie":"hghgh","CodeUtilisateur":"123","CodeFournisseur":"khlifa@gmail.com","CodeMarque":"123457","CodeType":"18","Model":"","Dateentree":"","Processeur":"","graphique":"","disqdur":"","mhtz":"","mo":"","memoire":"","ip":"","ecran":"","pouce":"","classification":"","stock":"en-service","damage_cause":"","observation":""}
2025-07-18 17:05:32 POST: {"action":"add_materiel","STE":"prod","NumSerie":"fze5f488","CodeUtilisateur":"155557","CodeFournisseur":"fedi@gmail.com","CodeMarque":"16","CodeType":"19","Model":"","Dateentree":"","Processeur":"","graphique":"","disqdur":"","mhtz":"","mo":"","memoire":"","ip":"","ecran":"","pouce":"","classification":"","stock":"en-service","damage_cause":"","observation":""}
2025-07-18 17:09:03 POST: {"action":"add_materiel","STE":"prod","NumSerie":"f5r548rv1","CodeUtilisateur":"155557","CodeFournisseur":"fedi3@gmail.com","CodeMarque":"123457","CodeType":"17","Model":"","Dateentree":"","Processeur":"","graphique":"","disqdur":"","mhtz":"","mo":"","memoire":"","ip":"","ecran":"","pouce":"","classification":"","stock":"en-service","damage_cause":"","observation":""}
2025-07-18 17:22:33 POST: {"action":"add_materiel","STE":"prod","NumSerie":"7e7e77e8f","CodeUtilisateur":"123","CodeFournisseur":"khlifa@gmail.com","CodeMarque":"16","CodeType":"18","Model":"","Dateentree":"","Processeur":"","graphique":"","disqdur":"","mhtz":"","mo":"","memoire":"","ip":"","ecran":"","pouce":"","classification":"","stock":"en-service","damage_cause":"","observation":""}
2025-07-18 17:39:58 POST: {"action":"add_materiel","STE":"prod","NumSerie":"5hklldz","CodeUtilisateur":"123","CodeFournisseur":"khlifa@gmail.com","CodeMarque":"123456","CodeType":"18","Model":"","Dateentree":"","Processeur":"","graphique":"","disqdur":"","mhtz":"","mo":"","memoire":"","ip":"","ecran":"","pouce":"","classification":"","stock":"en-service","damage_cause":"","observation":""}
2025-07-18 17:43:30 POST: {"action":"add_materiel","STE":"prod","NumSerie":"efv77feefc5","CodeUtilisateur":"14","CodeFournisseur":"khlifa@gmail.com","CodeMarque":"16","CodeType":"19","Model":"","Dateentree":"","Processeur":"","graphique":"","disqdur":"","mhtz":"","mo":"","memoire":"","ip":"","ecran":"","pouce":"","classification":"","stock":"en-service","damage_cause":"","observation":""}
2025-07-18 17:48:12 POST: {"action":"add_materiel","STE":"prod","NumSerie":"5d8zd7fg","CodeUtilisateur":"14","CodeFournisseur":"fedi@gmail.com","CodeMarque":"123457","CodeType":"18","Model":"","Dateentree":"","Processeur":"","graphique":"","disqdur":"","mhtz":"","mo":"","memoire":"","ip":"","ecran":"","pouce":"","classification":"","stock":"en-service","damage_cause":"","observation":""}
2025-07-18 18:24:22 POST: {"action":"add_materiel","STE":"prod","NumSerie":"jczk58","CodeUtilisateur":"155557","CodeFournisseur":"khlifa@gmail.com","CodeMarque":"123456","CodeType":"15","Model":"","Dateentree":"","Processeur":"","graphique":"","disqdur":"","mhtz":"","mo":"","memoire":"","ip":"","ecran":"","pouce":"","classification":"","stock":"en-service","damage_cause":"","observation":""}
2025-07-18 18:37:18 POST: {"action":"change_state","ste":"prod","state":"all","NumSerie":"jczk58","STE":"prod","redirect_state":"all","stock":"2"}
2025-07-18 19:11:44 POST: {"action":"recuperer_inventaire","NumSerie":"54447","STE":"comm"}
2025-07-18 19:16:37 POST: {"action":"fin_inventaire","ste":"prod","state":"all","present":["jczk58","hjbg841","hghgh","fze5f488","f5r548rv1","f555z848fzfz","efv77feefc5","efv77fe","e4fzzd","7e7e77e8f"]}
2025-07-18 19:25:49 POST: {"action":"add_materiel","STE":"prod","NumSerie":"5hklldz","CodeUtilisateur":"155557","CodeFournisseur":"khlifa@gmail.com","CodeMarque":"123456","CodeType":"18","Model":"","Dateentree":"","Processeur":"","graphique":"","disqdur":"","mhtz":"","mo":"","memoire":"","ip":"","ecran":"","pouce":"","classification":"","stock":"en-service","damage_cause":"","observation":""}
2025-07-18 19:55:52 POST: {"action":"add_materiel","STE":"prod","NumSerie":"55555","CodeUtilisateur":"155557","CodeFournisseur":"khlifa@gmail.com","CodeMarque":"123456","CodeType":"18","Model":"","Dateentree":"","Processeur":"","graphique":"","disqdur":"","mhtz":"","mo":"","memoire":"","ip":"","ecran":"","pouce":"","classification":"","stock":"en-service","damage_cause":"","observation":""}
2025-07-18 19:56:44 POST: {"action":"recuperer_inventaire","NumSerie":"55555","STE":"prod"}
2025-07-18 20:10:42 POST: {"action":"add_materiel","STE":"prod","NumSerie":"5hklldz","CodeUtilisateur":"14","CodeFournisseur":"fedi3@gmail.com","CodeMarque":"16","CodeType":"17","Model":"","Dateentree":"","Processeur":"","graphique":"","disqdur":"","mhtz":"","mo":"","memoire":"","ip":"","ecran":"","pouce":"","classification":"","stock":"en-service","damage_cause":"","observation":""}
2025-07-18 20:10:49 POST: {"action":"add_materiel","STE":"prod","NumSerie":"5hklldz","CodeUtilisateur":"14","CodeFournisseur":"fedi3@gmail.com","CodeMarque":"16","CodeType":"17","Model":"","Dateentree":"","Processeur":"","graphique":"","disqdur":"","mhtz":"","mo":"","memoire":"","ip":"","ecran":"","pouce":"","classification":"","stock":"en-service","damage_cause":"","observation":"","recuperer_inventaire_confirm":"1"}
2025-07-18 20:11:25 POST: {"action":"add_materiel","STE":"prod","NumSerie":"5hkll","CodeUtilisateur":"123","CodeFournisseur":"fedi3@gmail.com","CodeMarque":"123458","CodeType":"16","Model":"","Dateentree":"","Processeur":"","graphique":"","disqdur":"","mhtz":"","mo":"","memoire":"","ip":"","ecran":"","pouce":"","classification":"","stock":"en-service","damage_cause":"","observation":""}
2025-07-18 20:11:41 POST: {"action":"add_materiel","STE":"prod","NumSerie":"5hkll","CodeUtilisateur":"155557","CodeFournisseur":"fedi3@gmail.com","CodeMarque":"16","CodeType":"18","Model":"","Dateentree":"","Processeur":"","graphique":"","disqdur":"","mhtz":"","mo":"","memoire":"","ip":"","ecran":"","pouce":"","classification":"","stock":"en-service","damage_cause":"","observation":""}
2025-07-18 20:55:53 POST: {"action":"add_materiel","STE":"prod","NumSerie":"5hkll","CodeUtilisateur":"155557","CodeFournisseur":"khlifa@gmail.com","CodeMarque":"16","CodeType":"18","Model":"","Dateentree":"","Processeur":"","graphique":"","disqdur":"","mhtz":"","mo":"","memoire":"","ip":"","ecran":"","pouce":"","classification":"","stock":"en-service","damage_cause":"","observation":""}
2025-07-18 20:56:17 POST: {"action":"add_materiel","STE":"prod","NumSerie":"5hkll","CodeUtilisateur":"123","CodeFournisseur":"khlifa@gmail.com","CodeMarque":"16","CodeType":"18","Model":"","Dateentree":"","Processeur":"","graphique":"","disqdur":"","mhtz":"","mo":"","memoire":"","ip":"","ecran":"","pouce":"","classification":"","stock":"en-service","damage_cause":"","observation":""}
2025-07-18 20:56:38 POST: {"action":"add_materiel","STE":"prod","NumSerie":"55krgnke","CodeUtilisateur":"155557","CodeFournisseur":"hassen32@gmail.com","CodeMarque":"123457","CodeType":"15","Model":"","Dateentree":"","Processeur":"","graphique":"","disqdur":"","mhtz":"","mo":"","memoire":"","ip":"","ecran":"","pouce":"","classification":"","stock":"en-service","damage_cause":"","observation":""}
2025-07-18 20:57:05 POST: {"action":"add_materiel","STE":"prod","NumSerie":"5hkll","CodeUtilisateur":"155557","CodeFournisseur":"khlifa@gmail.com","CodeMarque":"123456","CodeType":"16","Model":"","Dateentree":"","Processeur":"","graphique":"","disqdur":"","mhtz":"","mo":"","memoire":"","ip":"","ecran":"","pouce":"","classification":"","stock":"en-service","damage_cause":"","observation":""}
2025-07-18 20:57:22 POST: {"action":"add_materiel","STE":"prod","NumSerie":"5hkll","CodeUtilisateur":"123","CodeFournisseur":"khlifa@gmail.com","CodeMarque":"123459","CodeType":"15","Model":"","Dateentree":"","Processeur":"","graphique":"","disqdur":"","mhtz":"","mo":"","memoire":"","ip":"","ecran":"","pouce":"","classification":"","stock":"en-service","damage_cause":"","observation":""}
2025-07-18 21:14:58 POST: {"action":"fin_inventaire","ste":"prod","state":"all","present":["jczk58","hjbg841","hghgh","fze5f488","f5r548rv1","f555z848fzfz","efv77feefc5","efv77fe"]}
2025-07-18 21:16:25 POST: {"action":"fin_inventaire","ste":"prod","state":"all","present":["jczk58","hjbg841","hghgh","fze5f488","f5r548rv1","f555z848fzfz"]}
2025-07-18 21:24:11 POST: {"action":"fin_inventaire","ste":"prod","state":"all","present":["jczk58","hjbg841","hghgh"]}
2025-07-18 21:26:02 POST: {"action":"fin_inventaire","ste":"prod","state":"all","present":["jczk58","hjbg841","hghgh"]}
2025-07-18 21:26:11 POST: {"action":"recuperer_inventaire","NumSerie":"fze5f488","STE":"prod"}
2025-07-21 16:18:25 POST: {"action":"fin_inventaire","ste":"prod","state":"all","present":["jczk58","hjbg841","hghgh"]}
2025-07-21 16:19:03 POST: {"action":"add_materiel","STE":"prod","NumSerie":"55555","CodeUtilisateur":"155557","CodeFournisseur":"fedi3@gmail.com","CodeMarque":"123456","CodeType":"17","Model":"","Dateentree":"","Processeur":"","graphique":"","disqdur":"","mhtz":"","mo":"","memoire":"","ip":"","ecran":"","pouce":"","classification":"","stock":"en-service","damage_cause":"","observation":""}
2025-07-21 16:19:08 POST: {"action":"add_materiel","STE":"prod","NumSerie":"55555","CodeUtilisateur":"155557","CodeFournisseur":"fedi3@gmail.com","CodeMarque":"123456","CodeType":"17","Model":"","Dateentree":"","Processeur":"","graphique":"","disqdur":"","mhtz":"","mo":"","memoire":"","ip":"","ecran":"","pouce":"","classification":"","stock":"en-service","damage_cause":"","observation":"","recuperer_inventaire_confirm":"1"}
2025-07-21 16:20:27 POST: {"action":"add_materiel","STE":"prod","NumSerie":"jyfrd778","CodeUtilisateur":"155557","CodeFournisseur":"hassen32@gmail.com","CodeMarque":"123459","CodeType":"17","Model":"","Dateentree":"","Processeur":"","graphique":"","disqdur":"","mhtz":"","mo":"","memoire":"","ip":"","ecran":"","pouce":"","classification":"","stock":"en-service","damage_cause":"","observation":""}
2025-07-21 19:54:32 POST: {"action":"fin_inventaire","ste":"prod","state":"all","present":["jyfrd778"]}
2025-07-21 19:59:30 POST: {"action":"fin_inventaire","ste":"prod","state":"all","present":["jyfrd778"]}
2025-07-21 20:00:26 POST: {"action":"fin_inventaire","ste":"comm","state":"all","present":["ugtvf888","mkjhyb877","klcn4"]}
2025-07-21 20:00:30 POST: {"action":"recuperer_inventaire","NumSerie":"7754","STE":"comm"}
2025-07-21 20:37:41 POST: {"action":"change_state","ste":"prod","state":"en-service","NumSerie":"jyfrd778","STE":"prod","redirect_state":"en-service","stock":"1"}
2025-07-21 20:38:29 POST: {"action":"add_utilisateur","STE":"prod","Compte":"knfu77","NomPrenom":"mohsen","CodeService":"5","Email":"","Tel":""}
2025-07-21 20:38:51 POST: {"action":"add_materiel","STE":"prod","NumSerie":"555415","CodeUtilisateur":"0","CodeFournisseur":"fedi@gmail.com","CodeMarque":"123457","CodeType":"17","Model":"","Dateentree":"","Processeur":"","graphique":"","disqdur":"","mhtz":"","mo":"","memoire":"","ip":"","ecran":"","pouce":"","classification":"","stock":"en-service","damage_cause":"","observation":""}
2025-07-21 20:41:05 POST: {"action":"add_materiel","STE":"prod","NumSerie":"888888x","CodeUtilisateur":"0","CodeFournisseur":"fedi3@gmail.com","CodeMarque":"123458","CodeType":"18","Model":"","Dateentree":"","Processeur":"","graphique":"","disqdur":"","mhtz":"","mo":"","memoire":"","ip":"","ecran":"","pouce":"","classification":"","stock":"en-service","damage_cause":"","observation":""}
2025-07-21 20:41:45 POST: {"action":"add_utilisateur","STE":"prod","Compte":"jgyjv88","NomPrenom":"dali","CodeService":"5","Email":"","Tel":""}
2025-07-21 20:42:27 POST: {"action":"add_utilisateur","STE":"prod","Compte":"knb58899","NomPrenom":"fedi","CodeService":"5","Email":"","Tel":""}
2025-07-21 20:42:47 POST: {"action":"add_marque","STE":"prod","Marque":"hf5bff"}
2025-07-21 20:43:04 POST: {"action":"add_type","STE":"prod","Libelle":"bgggg"}
2025-07-21 20:43:16 POST: {"action":"add_service","STE":"prod","Libelle":"nbhg"}
2025-07-21 20:43:42 POST: {"action":"modify_materiel","STE":"prod","NumSerie":"jyfrd778","CodeUtilisateur":"123","CodeFournisseur":"hassen32@gmail.com","CodeMarque":"123459","CodeType":"17","Model":"","Dateentree":"2025-07-21","Processeur":"","graphique":"","disqdur":"","mhtz":"","mo":"","memoire":"","ip":"","ecran":"","pouce":"","classification":"","stock":"en-service","damage_cause":"","observation":""}
2025-07-21 20:43:50 POST: {"action":"transfer_materiel","NumSerie":"jyfrd778","STE":"prod","target_STE":"COMM","CodeUtilisateur":"15941"}
2025-07-21 20:44:56 POST: {"action":"add_utilisateur","STE":"prod","Compte":"555541","NomPrenom":"fedi","CodeService":"5","Email":"","Tel":""}
2025-07-21 20:45:17 POST: {"action":"add_materiel","STE":"prod","NumSerie":"jbhfjyhbn4","CodeUtilisateur":"555541","CodeFournisseur":"fedi@gmail.com","CodeMarque":"16","CodeType":"19","Model":"","Dateentree":"","Processeur":"","graphique":"","disqdur":"","mhtz":"","mo":"","memoire":"","ip":"","ecran":"","pouce":"","classification":"","stock":"en-service","damage_cause":"","observation":""}
2025-07-21 20:46:31 POST: {"action":"modify_utilisateur","STE":"prod","Compte":"155557","NomPrenom":"hassen","CodeService":"5","Email":"","Tel":"0"}
2025-07-21 20:46:33 POST: {"action":"modify_utilisateur","STE":"prod","Compte":"155557","NomPrenom":"hassen","CodeService":"2","Email":"","Tel":"0"}
2025-07-21 20:46:35 POST: {"action":"modify_utilisateur","STE":"prod","Compte":"155557","NomPrenom":"hassen","CodeService":"2","Email":"","Tel":"0"}
2025-07-21 20:46:38 POST: {"action":"modify_utilisateur","STE":"prod","Compte":"155557","NomPrenom":"hassen","CodeService":"2","Email":"","Tel":"0"}
2025-07-21 20:47:24 POST: {"action":"modify_utilisateur","STE":"prod","Compte":"14","NomPrenom":"mohsen ifa","CodeService":"5","Email":"","Tel":"0"}
2025-07-21 20:47:42 POST: {"action":"modify_marque","STE":"prod","Code":"123457","Marque":"asuss"}
2025-07-21 20:47:55 POST: {"action":"modify_type","STE":"prod","CodeType":"20","Libelle":"bggggh"}
2025-07-21 20:51:19 POST: {"action":"recuperer_inventaire","NumSerie":"55555","STE":"prod"}
2025-07-21 20:52:21 POST: {"action":"add_materiel","STE":"prod","NumSerie":"hghgh","CodeUtilisateur":"155557","CodeFournisseur":"khlifa@gmail.com","CodeMarque":"123457","CodeType":"18","Model":"","Dateentree":"","Processeur":"","graphique":"","disqdur":"","mhtz":"","mo":"","memoire":"","ip":"","ecran":"","pouce":"","classification":"","stock":"en-service","damage_cause":"","observation":""}
2025-07-21 20:53:43 POST: {"action":"modify_materiel","STE":"prod","NumSerie":"jbhfjyhbn4","CodeUtilisateur":"155557","CodeFournisseur":"fedi@gmail.com","CodeMarque":"16","CodeType":"19","Model":"","Dateentree":"2025-07-21","Processeur":"","graphique":"","disqdur":"","mhtz":"","mo":"","memoire":"","ip":"","ecran":"","pouce":"","classification":"","stock":"en-service","damage_cause":"","observation":""}
2025-07-21 20:54:40 POST: {"action":"modify_materiel","STE":"prod","NumSerie":"jbhfjyhbn4","CodeUtilisateur":"0","CodeFournisseur":"fedi@gmail.com","CodeMarque":"16","CodeType":"19","Model":"","Dateentree":"2025-07-21","Processeur":"","graphique":"","disqdur":"","mhtz":"","mo":"","memoire":"","ip":"","ecran":"","pouce":"","classification":"","stock":"en-service","damage_cause":"","observation":""}
2025-07-21 20:55:04 POST: {"action":"transfer_materiel","NumSerie":"jbhfjyhbn4","STE":"prod","target_STE":"COMM","CodeUtilisateur":"15941"}
2025-07-21 20:57:41 POST: {"action":"recuperer_inventaire","NumSerie":"f555z848fzfz","STE":"prod"}
2025-07-21 20:57:42 POST: {"action":"recuperer_inventaire","NumSerie":"hghgh","STE":"prod"}
2025-07-21 20:57:45 POST: {"action":"recuperer_inventaire","NumSerie":"hghgh","STE":"prod"}
2025-07-21 20:57:47 POST: {"action":"recuperer_inventaire","NumSerie":"5hkll","STE":"prod"}
2025-07-21 20:57:49 POST: {"action":"recuperer_inventaire","NumSerie":"hghgh","STE":"prod"}
2025-07-21 20:57:55 POST: {"action":"recuperer_inventaire","NumSerie":"e4fzzd","STE":"prod"}
2025-07-21 20:58:03 POST: {"action":"recuperer_inventaire","NumSerie":"hghgh","STE":"prod"}
2025-07-21 20:59:05 POST: {"action":"delete_materiel","NumSerie":"ugtvf888","STE":"comm"}
2025-07-21 20:59:50 POST: {"action":"add_utilisateur","STE":"comm","Compte":"122511","NomPrenom":"abd l 7alim","CodeService":"6","Email":"","Tel":""}
2025-07-21 21:00:00 POST: {"action":"modify_utilisateur","STE":"comm","Compte":"122511","NomPrenom":"abd l 7alim","CodeService":"9","Email":"","Tel":"0"}
2025-07-21 21:00:59 POST: {"action":"add_fournisseur","STE":"prod","Email":"fedizbedi@gmail.com","CompanyName":"","NomComplet":"chikh bachar l asad","Adress":"","TelFix":"","TelMobile":""}
2025-07-21 21:01:29 POST: {"action":"modify_materiel","STE":"COMM","NumSerie":"mkjhyb877","CodeUtilisateur":"1566","CodeFournisseur":"hassen32@gmail.com","CodeMarque":"16","CodeType":"18","Model":"","Dateentree":"","Processeur":"","graphique":"","disqdur":"","mhtz":"","mo":"","memoire":"","ip":"","ecran":"","pouce":"","classification":"","stock":"en-service","damage_cause":"","observation":""}
2025-07-21 21:20:52 POST: {"action":"modify_utilisateur","STE":"prod","Compte":"555541","NomPrenom":"fediiii","CodeService":"5","Email":"","Tel":"0"}
2025-07-21 21:24:16 POST: {"action":"modify_utilisateur","STE":"prod","Compte":"555541","NomPrenom":"fediiii","CodeService":"5","Email":"","Tel":"0"}
2025-07-21 21:24:31 POST: {"action":"modify_utilisateur","STE":"prod","Compte":"555541","NomPrenom":"fediiii","CodeService":"10","Email":"","Tel":"0"}
2025-07-21 21:26:53 POST: {"action":"modify_fournisseur","STE":"prod","Email":"fedi3@gmail.com","CompanyName":"hasna de la haute coture ","NomComplet":"mohsen ifaaaa","Adress":"","TelFix":"0","TelMobile":"0"}
2025-07-21 21:31:22 POST: {"action":"add_materiel","STE":"prod","NumSerie":"145998","CodeUtilisateur":"555541","CodeFournisseur":"khlifa@gmail.com","CodeMarque":"123460","CodeType":"17","Model":"","Dateentree":"","Processeur":"","graphique":"","disqdur":"","mhtz":"","mo":"","memoire":"","ip":"","ecran":"","pouce":"","classification":"","stock":"en-service","damage_cause":"","observation":""}
2025-07-21 21:32:45 POST: {"action":"fin_inventaire","ste":"prod","state":"all","present":["hghgh","888888x","55555","555415","145998"]}
2025-07-21 21:40:36 POST: {"action":"add_materiel","STE":"prod","NumSerie":"5hkll","CodeUtilisateur":"123","CodeFournisseur":"khlifa@gmail.com","CodeMarque":"123456","CodeType":"17","Model":"","Dateentree":"","Processeur":"","graphique":"","disqdur":"","mhtz":"","mo":"","memoire":"","ip":"","ecran":"","pouce":"","classification":"","stock":"en-service","damage_cause":"","observation":""}
2025-07-21 21:40:56 POST: {"action":"add_materiel","STE":"prod","NumSerie":"5hkll","CodeUtilisateur":"0","CodeFournisseur":"hassen32@gmail.com","CodeMarque":"123460","CodeType":"18","Model":"","Dateentree":"","Processeur":"","graphique":"","disqdur":"","mhtz":"","mo":"","memoire":"","ip":"","ecran":"","pouce":"","classification":"","stock":"en-service","damage_cause":"","observation":""}
2025-07-21 21:41:54 POST: {"action":"add_materiel","STE":"prod","NumSerie":"jczk58","CodeUtilisateur":"123","CodeFournisseur":"fedizbedi@gmail.com","CodeMarque":"123456","CodeType":"17","Model":"","Dateentree":"","Processeur":"","graphique":"","disqdur":"","mhtz":"","mo":"","memoire":"","ip":"","ecran":"","pouce":"","classification":"","stock":"en-service","damage_cause":"","observation":""}
2025-07-21 21:41:56 POST: {"action":"add_materiel","STE":"prod","NumSerie":"jczk58","CodeUtilisateur":"123","CodeFournisseur":"fedizbedi@gmail.com","CodeMarque":"123456","CodeType":"17","Model":"","Dateentree":"","Processeur":"","graphique":"","disqdur":"","mhtz":"","mo":"","memoire":"","ip":"","ecran":"","pouce":"","classification":"","stock":"en-service","damage_cause":"","observation":"","recuperer_inventaire_confirm":"1"}
2025-07-21 21:52:36 POST: {"action":"modify_materiel","STE":"prod","NumSerie":"hghgh","CodeUtilisateur":"123","CodeFournisseur":"khlifa@gmail.com","CodeMarque":"123457","CodeType":"18","Model":"","Dateentree":"2025-07-21","Processeur":"","graphique":"","disqdur":"","mhtz":"","mo":"","memoire":"","ip":"","ecran":"","pouce":"","classification":"","stock":"en-service","damage_cause":"","observation":""}
2025-07-21 21:55:17 POST: {"action":"modify_utilisateur","STE":"prod","Compte":"555541","NomPrenom":"fedi","CodeService":"10","Email":"","Tel":"0"}
2025-07-21 21:55:50 POST: {"action":"add_materiel","STE":"prod","NumSerie":"55krgnke","CodeUtilisateur":"0","CodeFournisseur":"khlifa@gmail.com","CodeMarque":"16","CodeType":"15","Model":"","Dateentree":"","Processeur":"","graphique":"","disqdur":"","mhtz":"","mo":"","memoire":"","ip":"","ecran":"","pouce":"","classification":"","stock":"en-service","damage_cause":"","observation":""}
2025-07-21 21:55:57 POST: {"action":"add_materiel","STE":"prod","NumSerie":"55krgnke","CodeUtilisateur":"0","CodeFournisseur":"khlifa@gmail.com","CodeMarque":"16","CodeType":"15","Model":"","Dateentree":"","Processeur":"","graphique":"","disqdur":"","mhtz":"","mo":"","memoire":"","ip":"","ecran":"","pouce":"","classification":"","stock":"en-service","damage_cause":"","observation":"","recuperer_inventaire_confirm":"1"}
2025-07-22 17:16:11 POST: {"action":"add_materiel","STE":"prod","NumSerie":"jfze77777","CodeUtilisateur":"123","CodeFournisseur":"hassen32@gmail.com","CodeMarque":"123460","CodeType":"18","Model":"","Dateentree":"","Processeur":"","graphique":"","disqdur":"","mhtz":"","mo":"","memoire":"","ip":"","ecran":"","pouce":"","classification":"","stock":"en-service","damage_cause":"","observation":""}
2025-07-22 17:28:09 POST: {"action":"add_materiel","STE":"prod","NumSerie":"jldhaio8","CodeUtilisateur":"0","CodeFournisseur":"fedi3@gmail.com","CodeMarque":"123460","CodeType":"17","Model":"","Dateentree":"","Processeur":"","graphique":"","disqdur":"","mhtz":"","mo":"","memoire":"","ip":"","ecran":"","pouce":"","classification":"","stock":"en-stock","damage_cause":"","observation":""}
2025-07-22 17:38:14 POST: {"action":"add_materiel","STE":"prod","NumSerie":"ihufhy745","CodeUtilisateur":"0","CodeFournisseur":"fedi3@gmail.com","CodeMarque":"123456","CodeType":"17","Model":"","Dateentree":"","Processeur":"","graphique":"","disqdur":"","mhtz":"","mo":"","memoire":"","ip":"","ecran":"","pouce":"","classification":"","stock":"endommage","damage_cause":"","observation":""}
2025-07-22 17:38:44 POST: {"action":"add_materiel","STE":"prod","NumSerie":"cnjjkalkaf44441","CodeUtilisateur":"0","CodeFournisseur":"fedi3@gmail.com","CodeMarque":"123460","CodeType":"18","Model":"","Dateentree":"","Processeur":"","graphique":"","disqdur":"","mhtz":"","mo":"","memoire":"","ip":"","ecran":"","pouce":"","classification":"","stock":"endommage","damage_cause":"","observation":""}
2025-07-22 17:42:17 POST: {"action":"add_materiel","STE":"prod","NumSerie":"vfzkf55777suiii","CodeUtilisateur":"555541","CodeFournisseur":"khlifa@gmail.com","CodeMarque":"123458","CodeType":"17","Model":"","Dateentree":"","Processeur":"","graphique":"","disqdur":"","mhtz":"","mo":"","memoire":"","ip":"","ecran":"","pouce":"","classification":"","stock":"endommage","damage_cause":"","observation":""}
2025-07-22 18:06:09 POST: {"action":"change_state","ste":"prod","state":"endommage","NumSerie":"vfzkf55777suiii","STE":"prod","redirect_state":"endommage","stock":"3"}
2025-07-22 18:10:38 POST: {"action":"change_state","ste":"prod","state":"endommage","NumSerie":"jczk58","STE":"prod","redirect_state":"endommage","stock":"3"}
2025-07-22 18:11:59 POST: {"action":"change_state","ste":"prod","state":"en-service","NumSerie":"jldhaio8","STE":"prod","redirect_state":"en-service","stock":"3"}
2025-07-22 18:15:22 POST: {"action":"change_state","ste":"prod","state":"en-service","NumSerie":"jfze77777","STE":"prod","redirect_state":"en-service","stock":"3"}
2025-07-22 18:20:57 POST: {"action":"change_state","NumSerie":"ihufhy745","STE":"prod","redirect_state":"all","stock":"3"}
2025-07-22 18:22:30 POST: {"action":"change_state","NumSerie":"hghgh","STE":"prod","redirect_state":"all","stock":"3"}
2025-07-22 18:25:59 POST: {"action":"change_state","NumSerie":"ihufhy745","STE":"prod","redirect_state":"all","stock":"0"}
2025-07-22 18:26:03 POST: {"action":"change_state","NumSerie":"ihufhy745","STE":"prod","redirect_state":"all","stock":"3"}
2025-07-22 18:26:10 POST: {"action":"change_state","NumSerie":"888888x","STE":"prod","redirect_state":"all","stock":"3"}
2025-07-22 18:26:16 POST: {"action":"change_state","ste":"prod","state":"casse","NumSerie":"vfzkf55777suiii","STE":"prod","redirect_state":"casse","stock":"0"}
2025-07-22 18:26:18 POST: {"action":"change_state","NumSerie":"jfze77777","STE":"prod","redirect_state":"casse","stock":"0"}
2025-07-22 18:26:21 POST: {"action":"change_state","ste":"prod","state":"casse","NumSerie":"jldhaio8","STE":"prod","redirect_state":"casse","stock":"0"}
2025-07-22 18:26:23 POST: {"action":"change_state","ste":"prod","state":"casse","NumSerie":"jczk58","STE":"prod","redirect_state":"casse","stock":"0"}
2025-07-22 18:26:26 POST: {"action":"change_state","NumSerie":"hghgh","STE":"prod","redirect_state":"casse","stock":"0"}
2025-07-22 18:26:28 POST: {"action":"change_state","ste":"prod","state":"casse","NumSerie":"ihufhy745","STE":"prod","redirect_state":"casse","stock":"0"}
2025-07-22 18:30:17 POST: {"action":"change_state","ste":"prod","state":"all","NumSerie":"vfzkf55777suiii","STE":"prod","redirect_state":"all","stock":"3"}
2025-07-23 10:27:12 POST: {"action":"change_state","ste":"prod","state":"en-service","NumSerie":"jldhaio8","STE":"prod","redirect_state":"en-service","stock":"1"}
2025-07-23 10:27:15 POST: {"action":"change_state","ste":"prod","state":"en-service","NumSerie":"jfze77777","STE":"prod","redirect_state":"en-service","stock":"1"}
2025-07-23 10:27:18 POST: {"action":"change_state","ste":"prod","state":"en-service","NumSerie":"jczk58","STE":"prod","redirect_state":"en-service","stock":"1"}
2025-07-23 10:27:22 POST: {"action":"change_state","ste":"prod","state":"en-service","NumSerie":"ihufhy745","STE":"prod","redirect_state":"en-service","stock":"1"}
2025-07-23 12:09:01 POST: {"action":"change_state","ste":"prod","state":"all","NumSerie":"vfzkf55777suiii","STE":"prod","redirect_state":"all","stock":"0"}
2025-07-23 12:10:08 POST: {"action":"modify_materiel","STE":"prod","NumSerie":"vfzkf55777suiii","CodeUtilisateur":"123","CodeFournisseur":"khlifa@gmail.com","CodeMarque":"123458","CodeType":"17","Model":"","Dateentree":"2025-07-22","Processeur":"","graphique":"","disqdur":"","mhtz":"","mo":"","memoire":"","ip":"","ecran":"","pouce":"","classification":"","stock":"en-service","damage_cause":"","observation":""}
2025-07-23 12:10:28 POST: {"action":"change_state","ste":"prod","state":"all","NumSerie":"vfzkf55777suiii","STE":"prod","redirect_state":"all","stock":"1"}
2025-07-23 12:11:50 POST: {"action":"change_state","ste":"prod","state":"all","NumSerie":"vfzkf55777suiii","STE":"prod","redirect_state":"all","stock":"2"}
2025-07-23 12:12:07 POST: {"action":"modify_materiel","STE":"prod","NumSerie":"vfzkf55777suiii","CodeUtilisateur":"14","CodeFournisseur":"khlifa@gmail.com","CodeMarque":"123458","CodeType":"17","Model":"","Dateentree":"2025-07-22","Processeur":"","graphique":"","disqdur":"","mhtz":"","mo":"","memoire":"","ip":"","ecran":"","pouce":"","classification":"","stock":"en-service","damage_cause":"","observation":""}
2025-07-23 12:12:47 POST: {"action":"modify_materiel","STE":"prod","NumSerie":"vfzkf55777suiii","CodeUtilisateur":"155557","CodeFournisseur":"khlifa@gmail.com","CodeMarque":"123458","CodeType":"17","Model":"","Dateentree":"2025-07-22","Processeur":"","graphique":"","disqdur":"","mhtz":"","mo":"","memoire":"","ip":"","ecran":"","pouce":"","classification":"","stock":"endommage","damage_cause":"","observation":""}
2025-07-23 12:13:04 POST: {"action":"modify_materiel","STE":"prod","NumSerie":"vfzkf55777suiii","CodeUtilisateur":"155557","CodeFournisseur":"khlifa@gmail.com","CodeMarque":"123458","CodeType":"17","Model":"","Dateentree":"2025-07-22","Processeur":"","graphique":"","disqdur":"","mhtz":"","mo":"","memoire":"","ip":"","ecran":"","pouce":"","classification":"","stock":"casse","damage_cause":"","observation":""}
2025-07-23 12:16:18 POST: {"action":"modify_materiel","STE":"prod","NumSerie":"vfzkf55777suiii","CodeUtilisateur":"14","CodeFournisseur":"khlifa@gmail.com","CodeMarque":"123458","CodeType":"17","Model":"","Dateentree":"2025-07-22","Processeur":"","graphique":"","disqdur":"","mhtz":"","mo":"","memoire":"","ip":"","ecran":"","pouce":"","classification":"","stock":"en-service","damage_cause":"","observation":""}
2025-07-23 12:19:46 POST: {"action":"modify_materiel","STE":"prod","NumSerie":"vfzkf55777suiii","CodeUtilisateur":"555541","CodeFournisseur":"khlifa@gmail.com","CodeMarque":"123458","CodeType":"17","Model":"","Dateentree":"2025-07-22","Processeur":"","graphique":"","disqdur":"","mhtz":"","mo":"","memoire":"","ip":"","ecran":"","pouce":"","classification":"","stock":"en-service","damage_cause":"","observation":""}
2025-07-23 12:23:33 POST: {"action":"modify_materiel","STE":"prod","NumSerie":"vfzkf55777suiii","CodeUtilisateur":"14","CodeFournisseur":"khlifa@gmail.com","CodeMarque":"123458","CodeType":"17","Model":"","Dateentree":"2025-07-22","Processeur":"","graphique":"","disqdur":"","mhtz":"","mo":"","memoire":"","ip":"","ecran":"","pouce":"","classification":"","stock":"en-service","damage_cause":"","observation":""}
2025-07-23 12:27:10 POST: {"action":"modify_materiel","STE":"prod","NumSerie":"vfzkf55777suiii","CodeUtilisateur":"555541","CodeFournisseur":"khlifa@gmail.com","CodeMarque":"123458","CodeType":"17","Model":"","Dateentree":"2025-07-22","Processeur":"","graphique":"","disqdur":"","mhtz":"","mo":"","memoire":"","ip":"","ecran":"","pouce":"","classification":"","stock":"en-service","damage_cause":"","observation":""}
2025-07-23 12:27:43 POST: {"action":"modify_materiel","STE":"prod","NumSerie":"vfzkf55777suiii","CodeUtilisateur":"14","CodeFournisseur":"khlifa@gmail.com","CodeMarque":"123458","CodeType":"17","Model":"","Dateentree":"2025-07-22","Processeur":"","graphique":"","disqdur":"","mhtz":"","mo":"","memoire":"","ip":"","ecran":"","pouce":"","classification":"","stock":"en-service","damage_cause":"","observation":""}
2025-07-23 12:32:07 POST: {"action":"modify_materiel","STE":"prod","NumSerie":"vfzkf55777suiii","CodeUtilisateur":"555541","CodeFournisseur":"khlifa@gmail.com","CodeMarque":"123458","CodeType":"17","Model":"","Dateentree":"2025-07-22","Processeur":"","graphique":"","disqdur":"","mhtz":"","mo":"","memoire":"","ip":"","ecran":"","pouce":"","classification":"","stock":"en-service","damage_cause":"","observation":""}
2025-07-23 12:35:02 POST: {"action":"modify_materiel","STE":"prod","NumSerie":"vfzkf55777suiii","CodeUtilisateur":"14","CodeFournisseur":"khlifa@gmail.com","CodeMarque":"123458","CodeType":"17","Model":"","Dateentree":"2025-07-22","Processeur":"","graphique":"","disqdur":"","mhtz":"","mo":"","memoire":"","ip":"","ecran":"","pouce":"","classification":"","stock":"en-service","damage_cause":"","observation":""}
2025-07-23 12:39:26 POST: {"action":"modify_materiel","STE":"prod","NumSerie":"vfzkf55777suiii","CodeUtilisateur":"555541","CodeFournisseur":"khlifa@gmail.com","CodeMarque":"123458","CodeType":"17","Model":"","Dateentree":"2025-07-22","Processeur":"","graphique":"","disqdur":"","mhtz":"","mo":"","memoire":"","ip":"","ecran":"","pouce":"","classification":"","stock":"en-service","damage_cause":"","observation":""}
2025-07-23 12:40:05 POST: {"action":"modify_materiel","STE":"prod","NumSerie":"vfzkf55777suiii","CodeUtilisateur":"555541","CodeFournisseur":"khlifa@gmail.com","CodeMarque":"123458","CodeType":"17","Model":"","Dateentree":"2025-07-22","Processeur":"","graphique":"","disqdur":"","mhtz":"","mo":"","memoire":"","ip":"","ecran":"","pouce":"","classification":"","stock":"casse","damage_cause":"","observation":""}
2025-07-23 12:40:25 POST: {"action":"change_state","ste":"prod","state":"all","NumSerie":"vfzkf55777suiii","STE":"prod","redirect_state":"all","stock":"0"}
2025-07-23 12:50:33 POST: {"action":"modify_materiel","STE":"prod","NumSerie":"vfzkf55777suiii","CodeUtilisateur":"14","CodeFournisseur":"khlifa@gmail.com","CodeMarque":"123458","CodeType":"17","Model":"","Dateentree":"2025-07-22","Processeur":"","graphique":"","disqdur":"","mhtz":"","mo":"","memoire":"","ip":"","ecran":"","pouce":"","classification":"","stock":"en-service","damage_cause":"","observation":""}
2025-07-23 12:50:51 POST: {"action":"modify_materiel","STE":"prod","NumSerie":"vfzkf55777suiii","CodeUtilisateur":"14","CodeFournisseur":"khlifa@gmail.com","CodeMarque":"123458","CodeType":"17","Model":"","Dateentree":"2025-07-22","Processeur":"","graphique":"","disqdur":"","mhtz":"","mo":"","memoire":"","ip":"","ecran":"","pouce":"","classification":"","stock":"casse","damage_cause":"","observation":""}
2025-07-23 12:51:06 POST: {"action":"change_state","numserie":"vfzkf55777suiii","target_state":"0"}
2025-07-23 12:51:06 UPDATE materiel SET stock = 0 WHERE NumSerie = vfzkf55777suiii
2025-07-23 12:51:06 History recorded for vfzkf55777suiii: 3 -> 0
2025-07-23 12:51:13 POST: {"action":"change_state","numserie":"vfzkf55777suiii","target_state":"3"}
2025-07-23 12:51:13 UPDATE materiel SET stock = 3 WHERE NumSerie = vfzkf55777suiii
2025-07-23 12:51:13 History recorded for vfzkf55777suiii: 0 -> 3
2025-07-23 12:51:14 POST: {"action":"change_state","numserie":"vfzkf55777suiii","target_state":"0"}
2025-07-23 12:51:14 UPDATE materiel SET stock = 0 WHERE NumSerie = vfzkf55777suiii
2025-07-23 12:51:14 History recorded for vfzkf55777suiii: 3 -> 0
2025-07-23 12:54:16 POST: {"action":"change_state","ste":"prod","state":"all","NumSerie":"vfzkf55777suiii","STE":"prod","redirect_state":"all","stock":"2"}
2025-07-23 12:54:35 POST: {"action":"change_state","ste":"prod","state":"all","NumSerie":"vfzkf55777suiii","STE":"prod","redirect_state":"all","stock":"0"}
2025-07-23 13:29:08 POST: {"action":"add_materiel","STE":"prod","NumSerie":"cr7suiiiii","CodeUtilisateur":"555541","CodeFournisseur":"fedizbedi@gmail.com","CodeMarque":"123458","CodeType":"17","Model":"pp","Dateentree":"","Processeur":"","graphique":"","disqdur":"","mhtz":"","mo":"","memoire":"","ip":"","ecran":"","pouce":"","classification":"","stock":"en-service","damage_cause":"","observation":""}
2025-07-23 13:30:01 POST: {"action":"fin_inventaire","ste":"prod","state":"all","present":["vfzkf55777suiii","jldhaio8","jczk58","ihufhy745","hghgh","cr7suiiiii","cnjjkalkaf44441","5hkll","55krgnke","55555","555415","145998"]}
2025-07-23 13:30:17 POST: {"action":"delete_utilisateur","Compte":"0","STE":"prod"}
2025-07-23 13:30:33 POST: {"action":"add_utilisateur","STE":"prod","Compte":"185","NomPrenom":"cr7","CodeService":"","Email":"","Tel":""}
2025-07-23 13:32:50 POST: {"action":"modify_marque","STE":"prod","Code":"123457","Marque":"asus"}
2025-07-23 13:33:06 POST: {"action":"delete_service","CodeService":"8","STE":"prod"}
2025-07-23 14:11:18 POST: {"action":"recuperer_reparation","NumSerie":"jfze77777"}
2025-07-23 14:12:43 POST: {"action":"add_materiel","STE":"prod","NumSerie":"hjf44","CodeUtilisateur":"185","CodeFournisseur":"fedizbedi@gmail.com","CodeMarque":"16","CodeType":"15","Model":"","Dateentree":"","Processeur":"","graphique":"","disqdur":"","mhtz":"","mo":"","memoire":"","ip":"","ecran":"","pouce":"","classification":"","stock":"en-service","damage_cause":"","observation":""}
2025-07-24 09:56:44 POST: {"action":"recuperer_reparation","NumSerie":"mkjhyb877"}
2025-07-24 09:56:56 POST: {"action":"recuperer_reparation","NumSerie":"jczk58"}
2025-07-24 09:58:32 POST: {"action":"recuperer_reparation","NumSerie":"jczk58"}
2025-07-24 12:36:09 POST: {"action":"add_type","STE":"prod","Libelle":"mmmm"}
2025-07-24 12:42:48 POST: {"action":"delete_materiel","NumSerie":"jldhaio8","STE":"prod"}
2025-07-24 13:01:13 POST: {"action":"recuperer_inventaire","NumSerie":"888888x","STE":"prod"}
2025-07-24 13:02:38 POST: {"action":"add_materiel","STE":"prod","datefinservice":"","NumSerie":"4d47ad","CodeUtilisateur":"155557","CodeFournisseur":"","CodeMarque":"123460","CodeType":"21","Model":"","Dateentree":"","Processeur":"","graphique":"","disqdur":"","mhtz":"","mo":"","memoire":"","ip":"","ecran":"","pouce":"","classification":"","stock":"en-service","damage_cause":"","observation":""}
2025-07-24 13:46:19 POST: {"action":"delete_utilisateur","Compte":"185","STE":"prod"}
2025-07-24 13:46:25 POST: {"action":"delete_type","CodeType":"20","STE":"prod"}
2025-07-24 13:46:39 POST: {"action":"delete_utilisateur","Compte":"555541","STE":"prod"}
2025-07-24 13:55:38 POST: {"action":"delete_utilisateur","Compte":"555541","STE":"prod"}
2025-07-24 14:04:11 POST: {"action":"delete_utilisateur","Compte":"555541","STE":"prod"}
2025-07-24 14:06:58 POST: {"action":"delete_utilisateur","Compte":"555541","STE":"prod"}
2025-07-24 14:07:37 POST: {"action":"add_utilisateur","STE":"prod","Compte":"5588588","NomPrenom":"hassen ddos","CodeService":"2","Email":"","Tel":""}
2025-07-24 14:07:44 POST: {"action":"delete_utilisateur","Compte":"5588588","STE":"prod"}
2025-07-24 14:07:54 POST: {"action":"delete_utilisateur","Compte":"555541","STE":"prod"}
2025-07-24 14:08:03 POST: {"action":"delete_marque","Code":"123460","STE":"prod"}
2025-07-24 14:08:19 POST: {"action":"add_marque","STE":"prod","Marque":"aaa"}
2025-07-24 14:08:25 POST: {"action":"delete_marque","Code":"123461","STE":"prod"}
2025-07-24 14:08:40 POST: {"action":"add_type","STE":"prod","Libelle":"sx"}
2025-07-24 14:08:45 POST: {"action":"delete_type","CodeType":"22","STE":"prod"}
2025-07-24 14:08:58 POST: {"action":"add_service","STE":"prod","Libelle":"s3x"}
2025-07-24 14:09:02 POST: {"action":"delete_service","CodeService":"12","STE":"prod"}
2025-07-24 14:09:41 POST: {"action":"add_fournisseur","STE":"prod","Email":"ita@gmail.com","CompanyName":"","NomComplet":"mmm lll","Adress":"","TelFix":"","TelMobile":""}
2025-07-24 14:09:45 POST: {"action":"delete_fournisseur","Email":"ita@gmail.com","STE":"prod"}
2025-07-24 14:56:09 POST: {"action":"change_state","ste":"prod","state":"all","NumSerie":"jczk58","STE":"prod","redirect_state":"all","datefinservice":"2025-07-24 05:56:09","stock":"3"}
2025-07-24 14:56:19 POST: {"action":"change_state","ste":"prod","state":"casse","NumSerie":"jczk58","STE":"prod","redirect_state":"casse","datefinservice":"","stock":"2"}
2025-07-28 16:19:28 POST: {"action":"change_state","NumSerie":"5hkll","STE":"prod","redirect_state":"en-service","datefinservice":"2025-07-28 07:19:28","stock":"3"}
2025-07-28 16:34:24 POST: {"action":"add_materiel","STE":"prod","datefinservice":"","NumSerie":"ldododo856","CodeUtilisateur":"555541","CodeFournisseur":"","CodeMarque":"123458","CodeType":"15","Model":"","Dateentree":"","Processeur":"","graphique":"","disqdur":"","mhtz":"","mo":"","memoire":"","ip":"","ecran":"","pouce":"","classification":"","stock":"en-service","damage_cause":"","observation":""}
2025-07-28 17:12:32 POST: {"action":"recuperer_reparation","NumSerie":"ldododo856"}
2025-07-28 17:21:13 POST: {"action":"recuperer_reparation","NumSerie":"ldododo856"}
2025-07-28 17:26:49 POST: {"action":"recuperer_reparation","NumSerie":"ldododo856"}
2025-07-28 11:35:23 POST: {"action":"recuperer_reparation","NumSerie":"ldododo856"}
2025-07-28 11:35:32 POST: {"action":"recuperer_reparation","NumSerie":"ldododo856"}
2025-07-28 11:39:01 POST: {"action":"recuperer_reparation","NumSerie":"ldododo856"}
2025-07-28 11:43:08 POST: {"action":"recuperer_reparation","NumSerie":"hjf44"}
2025-07-28 11:43:17 POST: {"action":"recuperer_reparation","NumSerie":"cr7suiiiii"}
2025-07-28 11:43:21 POST: {"action":"recuperer_reparation","NumSerie":"ldododo856"}
2025-07-28 11:44:10 POST: {"action":"recuperer_reparation","NumSerie":"ihufhy745"}
2025-07-28 11:44:25 POST: {"action":"recuperer_reparation","NumSerie":"ldododo856"}
2025-07-28 12:23:40 POST: {"action":"add_utilisateur","STE":"prod","Compte":"234DS","NomPrenom":"hassib","CodeService":"2","Email":"","Tel":""}
2025-07-28 12:24:11 POST: {"action":"add_materiel","STE":"prod","datefinservice":"","NumSerie":"xc233A","CodeUtilisateur":"234","CodeFournisseur":"hassen32@gmail.com","CodeMarque":"123458","CodeType":"17","Model":"","Dateentree":"","Processeur":"","graphique":"","disqdur":"","mhtz":"","mo":"","memoire":"","ip":"","ecran":"","pouce":"","classification":"","stock":"en-service","damage_cause":"","observation":""}
2025-07-28 12:24:32 POST: {"action":"modify_materiel","STE":"prod","datefinservice":"","NumSerie":"xc233A","CodeUtilisateur":"234","CodeMarque":"123458","CodeType":"17","Model":"","Dateentree":"2025-07-28","Processeur":"","graphique":"","disqdur":"","mhtz":"","mo":"","memoire":"","ip":"","ecran":"","pouce":"","classification":"","stock":"endommage","damage_cause":"","observation":""}
2025-07-28 12:25:00 POST: {"action":"modify_materiel","STE":"prod","datefinservice":"","NumSerie":"xc233A","CodeUtilisateur":"234","CodeMarque":"123458","CodeType":"17","Model":"","Dateentree":"2025-07-28","Processeur":"","graphique":"","disqdur":"","mhtz":"","mo":"","memoire":"","ip":"","ecran":"","pouce":"","classification":"","stock":"endommage","damage_cause":"","observation":""}
2025-07-28 12:25:12 POST: {"action":"change_state","ste":"prod","state":"all","NumSerie":"xc233A","STE":"prod","redirect_state":"all","datefinservice":"","stock":"0"}
2025-07-28 12:25:29 POST: {"action":"modify_materiel","STE":"prod","datefinservice":"","NumSerie":"xc233A","CodeUtilisateur":"185","CodeMarque":"123458","CodeType":"17","Model":"","Dateentree":"2025-07-28","Processeur":"","graphique":"","disqdur":"","mhtz":"","mo":"","memoire":"","ip":"","ecran":"","pouce":"","classification":"","stock":"en-service","damage_cause":"","observation":""}
2025-07-28 12:25:47 POST: {"action":"modify_materiel","STE":"prod","datefinservice":"","NumSerie":"xc233A","CodeUtilisateur":"185","CodeMarque":"123458","CodeType":"17","Model":"","Dateentree":"2025-07-28","Processeur":"","graphique":"","disqdur":"","mhtz":"","mo":"","memoire":"","ip":"","ecran":"","pouce":"","classification":"","stock":"en-stock","damage_cause":"","observation":""}
2025-07-28 14:27:15 POST: {"action":"add_materiel","STE":"prod","datefinservice":"","NumSerie":"zizoz885","CodeUtilisateur":"234","CodeFournisseur":"","CodeMarque":"123457","CodeType":"15","Model":"","Dateentree":"","Processeur":"","graphique":"","disqdur":"","mhtz":"","mo":"","memoire":"","ip":"","ecran":"","pouce":"","classification":"","stock":"en-service","damage_cause":"","observation":""}
2025-07-28 14:33:22 POST: {"action":"add_materiel","STE":"prod","datefinservice":"","NumSerie":"duhu7e7","CodeUtilisateur":"123","CodeFournisseur":"","CodeMarque":"123456","CodeType":"15","Model":"","Dateentree":"","Processeur":"","graphique":"","disqdur":"","mhtz":"","mo":"","memoire":"","ip":"","ecran":"","pouce":"","classification":"","stock":"en-service","damage_cause":"","observation":""}
2025-07-28 14:36:39 POST: {"action":"add_materiel","STE":"prod","datefinservice":"","NumSerie":"fje4478","CodeUtilisateur":"123","CodeFournisseur":"","CodeMarque":"123458","CodeType":"17","Model":"","Dateentree":"","Processeur":"","graphique":"","disqdur":"","mhtz":"","mo":"","memoire":"","ip":"","ecran":"","pouce":"","classification":"","stock":"en-service","damage_cause":"","observation":""}
2025-07-28 14:37:29 POST: {"action":"add_materiel","STE":"prod","datefinservice":"","NumSerie":"kk7887","CodeUtilisateur":"123","CodeFournisseur":"","CodeMarque":"123456","CodeType":"18","Model":"","Dateentree":"","Processeur":"","graphique":"","disqdur":"","mhtz":"","mo":"","memoire":"","ip":"","ecran":"","pouce":"","classification":"","stock":"en-service","damage_cause":"","observation":""}
2025-07-28 14:38:57 POST: {"action":"add_materiel","STE":"prod","datefinservice":"","NumSerie":"gyhhu","CodeUtilisateur":"234","CodeFournisseur":"","CodeMarque":"123460","CodeType":"17","Model":"","Dateentree":"","Processeur":"","graphique":"","disqdur":"","mhtz":"","mo":"","memoire":"","ip":"","ecran":"","pouce":"","classification":"","stock":"en-service","damage_cause":"","observation":""}
2025-07-28 14:53:27 POST: {"action":"add_materiel","STE":"prod","datefinservice":"","NumSerie":"daffe88","CodeUtilisateur":"555541","CodeFournisseur":"","CodeMarque":"16","CodeType":"17","Model":"","Dateentree":"","Processeur":"","graphique":"","disqdur":"","mhtz":"","mo":"","memoire":"","ip":"","ecran":"","pouce":"","classification":"","stock":"en-service","damage_cause":"","observation":""}
2025-07-28 19:15:59 POST: {"action":"recuperer_reparation","NumSerie":"cr7suiiiii"}
2025-07-30 11:32:22 POST: {"action":"add_materiel","STE":"prod","datefinservice":"","NumSerie":"jjhg44","CodeType":"19","CodeMarque":"123457","Model":"lklopmp","CodeUtilisateur":"155557","CodeFournisseur":"khlifa@gmail.com","Dateentree":"","Processeur":"","graphique":"","disqdur":"","mhtz":"","mo":"","memoire":"","ip":"","ecran":"","pouce":"","classification":"public","stock":"en-stock","observation":"","damage_cause":""}
2025-07-30 12:38:07 POST: {"action":"modify_materiel","STE":"prod","datefinservice":"","NumSerie":"jjhg44","CodeType":"19","CodeMarque":"123457","Model":"lklopmp","CodeUtilisateur":"123","Dateentree":"2025-07-30","Processeur":"","graphique":"","disqdur":"","mhtz":"","mo":"","memoire":"","ip":"","ecran":"","pouce":"","classification":"interne","stock":"en-service","observation":"","damage_cause":""}
2025-07-30 12:44:59 POST: {"action":"add_materiel","STE":"prod","datefinservice":"","NumSerie":"grdygtgt2","CodeType":"17","CodeMarque":"16","Model":"ddeded","CodeUtilisateur":"185","CodeFournisseur":"fedi3@gmail.com","Dateentree":"","Processeur":"","graphique":"","disqdur":"","mhtz":"","mo":"","memoire":"","ip":"","ecran":"","pouce":"","classification":"interne","stock":"en-service","observation":"","damage_cause":""}
2025-07-30 12:47:25 POST: {"action":"modify_materiel","STE":"prod","datefinservice":"","NumSerie":"jjhg44","CodeType":"19","CodeMarque":"123457","Model":"lklopmp","CodeUtilisateur":"185","CodeFournisseur":"hassen32@gmail.com","Dateentree":"2025-07-30","Processeur":"","graphique":"","disqdur":"","mhtz":"","mo":"","memoire":"","ip":"","ecran":"","pouce":"","classification":"interne","stock":"en-service","observation":"","damage_cause":""}
2025-07-30 12:53:16 POST: {"action":"modify_materiel","STE":"prod","datefinservice":"","NumSerie":"jjhg44","CodeType":"19","CodeMarque":"123457","Model":"lklopmp","CodeUtilisateur":"555541","CodeFournisseur":"hassen32@gmail.com","Dateentree":"2025-07-30","Processeur":"","graphique":"","disqdur":"","mhtz":"","mo":"","memoire":"","ip":"","ecran":"","pouce":"","classification":"interne","stock":"en-service","observation":"","damage_cause":""}
2025-07-30 13:41:55 POST: {"action":"modify_materiel","STE":"prod","datefinservice":"","NumSerie":"jjhg44","CodeType":"19","CodeMarque":"123457","Model":"lklopmp","CodeUtilisateur":"185","CodeFournisseur":"hassen32@gmail.com","Dateentree":"2025-07-30","Processeur":"","graphique":"","disqdur":"","mhtz":"","mo":"","memoire":"","ip":"","ecran":"","pouce":"","classification":"interne","stock":"en-service","observation":"","damage_cause":""}
2025-07-30 13:45:03 POST: {"action":"modify_materiel","STE":"prod","datefinservice":"0000-00-00 00:00:00","NumSerie":"hghgh","CodeType":"18","CodeMarque":"123457","Model":"Z","CodeUtilisateur":"14","CodeFournisseur":"fedizbedi@gmail.com","Dateentree":"2025-07-21","Processeur":"","graphique":"","disqdur":"","mhtz":"","mo":"","memoire":"","ip":"","ecran":"","pouce":"","classification":"interne","stock":"en-service","observation":"","damage_cause":""}
2025-07-30 13:46:20 POST: {"action":"modify_materiel","STE":"prod","datefinservice":"","NumSerie":"jczk58","CodeType":"15","CodeMarque":"123456","Model":"lklopmp","CodeUtilisateur":"123","CodeFournisseur":"fedi@gmail.com","Dateentree":"2025-07-18","Processeur":"","graphique":"","disqdur":"","mhtz":"","mo":"","memoire":"","ip":"","ecran":"","pouce":"","classification":"interne","stock":"en-service","observation":"","damage_cause":""}
2025-07-30 13:48:26 POST: {"action":"modify_materiel","STE":"prod","datefinservice":"","NumSerie":"jczk58","CodeType":"15","CodeMarque":"123456","Model":"lklopmp","CodeUtilisateur":"185","CodeFournisseur":"fedi@gmail.com","Dateentree":"2025-07-18","Processeur":"","graphique":"","disqdur":"","mhtz":"","mo":"","memoire":"","ip":"","ecran":"","pouce":"","classification":"interne","stock":"en-service","observation":"","damage_cause":""}
2025-07-30 13:50:51 POST: {"action":"change_state","NumSerie":"jczk58","STE":"prod","redirect_state":"all","datefinservice":"","stock":"1"}
2025-07-30 13:55:59 POST: {"action":"modify_materiel","STE":"prod","datefinservice":"","NumSerie":"jjhg44","CodeType":"19","CodeMarque":"123457","Model":"lklopmp","CodeUtilisateur":"155557","CodeFournisseur":"hassen32@gmail.com","Dateentree":"2025-07-30","Processeur":"","graphique":"","disqdur":"","mhtz":"","mo":"","memoire":"","ip":"","ecran":"","pouce":"","classification":"interne","stock":"en-service","observation":"","damage_cause":""}
2025-07-30 13:58:41 POST: {"action":"modify_materiel","STE":"prod","datefinservice":"0000-00-00 00:00:00","NumSerie":"hghgh","CodeType":"18","CodeMarque":"123457","Model":"Z","CodeUtilisateur":"555541","CodeFournisseur":"fedizbedi@gmail.com","Dateentree":"2025-07-21","Processeur":"","graphique":"","disqdur":"","mhtz":"","mo":"","memoire":"","ip":"","ecran":"","pouce":"","classification":"interne","stock":"en-service","observation":"","damage_cause":""}
2025-07-30 14:02:37 POST: {"action":"modify_materiel","STE":"prod","datefinservice":"","NumSerie":"jjhg44","CodeType":"19","CodeMarque":"123457","Model":"lklopmp","CodeUtilisateur":"185","CodeFournisseur":"hassen32@gmail.com","Dateentree":"2025-07-30","Processeur":"","graphique":"","disqdur":"","mhtz":"","mo":"","memoire":"","ip":"","ecran":"","pouce":"","classification":"interne","stock":"en-service","observation":"","damage_cause":""}
2025-07-30 14:05:25 POST: {"action":"modify_materiel","STE":"prod","datefinservice":"","NumSerie":"hjf44","CodeType":"15","CodeMarque":"16","Model":"lklopmp","CodeUtilisateur":"555541","CodeFournisseur":"fedizbedi@gmail.com","Dateentree":"2025-07-23","Processeur":"","graphique":"","disqdur":"","mhtz":"","mo":"","memoire":"","ip":"","ecran":"","pouce":"","classification":"interne","stock":"en-service","observation":"","damage_cause":""}
2025-07-31 16:19:57 POST: {"action":"modify_materiel","STE":"prod","datefinservice":"","NumSerie":"zizoz885","CodeType":"15","CodeMarque":"123457","Model":"lll","CodeUtilisateur":"123","CodeFournisseur":"fedi3@gmail.com","Dateentree":"2025-07-28","Processeur":"","graphique":"","disqdur":"","mhtz":"","mo":"","memoire":"","ip":"","ecran":"","pouce":"","classification":"interne","stock":"en-service","observation":"","damage_cause":""}
2025-07-31 16:21:09 POST: {"action":"modify_materiel","STE":"prod","datefinservice":"","NumSerie":"ldododo856","CodeType":"15","CodeMarque":"123458","Model":"kng","CodeUtilisateur":"185","CodeFournisseur":"khlifa@gmail.com","Dateentree":"2025-07-28","Processeur":"","graphique":"","disqdur":"","mhtz":"","mo":"","memoire":"","ip":"","ecran":"","pouce":"","classification":"interne","stock":"en-service","observation":"","damage_cause":""}
2025-07-31 16:23:43 POST: {"action":"modify_materiel","STE":"prod","datefinservice":"","NumSerie":"ldododo856","CodeType":"15","CodeMarque":"123458","Model":"kng","CodeUtilisateur":"555541","CodeFournisseur":"khlifa@gmail.com","Dateentree":"2025-07-28","Processeur":"","graphique":"","disqdur":"","mhtz":"","mo":"","memoire":"","ip":"","ecran":"","pouce":"","classification":"interne","stock":"en-service","observation":"","damage_cause":""}
2025-07-31 16:25:49 POST: {"action":"modify_materiel","STE":"prod","datefinservice":"","NumSerie":"ldododo856","CodeType":"15","CodeMarque":"123458","Model":"kng","CodeUtilisateur":"555541","CodeFournisseur":"khlifa@gmail.com","Dateentree":"2025-07-28","Processeur":"","graphique":"","disqdur":"","mhtz":"","mo":"","memoire":"","ip":"","ecran":"","pouce":"","classification":"interne","stock":"en-stock","observation":"","damage_cause":""}
2025-07-31 16:30:24 POST: {"action":"modify_materiel","STE":"prod","datefinservice":"","NumSerie":"ldododo856","CodeType":"15","CodeMarque":"123458","Model":"kng","CodeUtilisateur":"555541","CodeFournisseur":"khlifa@gmail.com","Dateentree":"2025-07-28","Processeur":"","graphique":"","disqdur":"","mhtz":"","mo":"","memoire":"","ip":"","ecran":"","pouce":"","classification":"interne","stock":"en-stock","observation":"","damage_cause":""}
2025-07-31 16:45:04 POST: {"action":"modify_materiel","STE":"prod","datefinservice":"","NumSerie":"zizoz885","CodeType":"15","CodeMarque":"123457","Model":"lll","CodeUtilisateur":"123","CodeFournisseur":"fedi3@gmail.com","Dateentree":"2025-07-28","Processeur":"","graphique":"","disqdur":"","mhtz":"","mo":"","memoire":"","ip":"","ecran":"","pouce":"","classification":"interne","stock":"en-stock","observation":"","damage_cause":""}
2025-07-31 16:48:00 POST: {"action":"modify_materiel","STE":"prod","datefinservice":"","NumSerie":"ldododo856","CodeType":"15","CodeMarque":"123458","Model":"kng","CodeUtilisateur":"555541","CodeFournisseur":"khlifa@gmail.com","Dateentree":"2025-07-28","Processeur":"","graphique":"","disqdur":"","mhtz":"","mo":"","memoire":"","ip":"","ecran":"","pouce":"","classification":"interne","stock":"en-service","observation":"","damage_cause":""}
2025-07-31 16:54:45 POST: {"action":"modify_materiel","STE":"prod","datefinservice":"","NumSerie":"ldododo856","CodeType":"15","CodeMarque":"123458","Model":"kng","CodeUtilisateur":"555541","CodeFournisseur":"khlifa@gmail.com","Dateentree":"2025-07-28","Processeur":"","graphique":"","disqdur":"","mhtz":"","mo":"","memoire":"","ip":"","ecran":"","pouce":"","classification":"interne","stock":"en-stock","observation":"","damage_cause":""}
2025-07-31 17:03:24 POST: {"action":"modify_materiel","STE":"prod","datefinservice":"","NumSerie":"zizoz885","CodeType":"15","CodeMarque":"123457","Model":"lll","CodeUtilisateur":"123","CodeFournisseur":"fedi3@gmail.com","Dateentree":"2025-07-28","Processeur":"","graphique":"","disqdur":"","mhtz":"","mo":"","memoire":"","ip":"","ecran":"","pouce":"","classification":"interne","stock":"2","observation":"","damage_cause":""}
2025-07-31 17:04:10 POST: {"action":"modify_materiel","STE":"prod","datefinservice":"","NumSerie":"zizoz885","CodeType":"15","CodeMarque":"123457","Model":"lll","CodeUtilisateur":"123","CodeFournisseur":"fedi3@gmail.com","Dateentree":"2025-07-28","Processeur":"","graphique":"","disqdur":"","mhtz":"","mo":"","memoire":"","ip":"","ecran":"","pouce":"","classification":"interne","stock":"2","observation":"","damage_cause":""}
2025-07-31 17:04:20 POST: {"action":"change_state","ste":"prod","state":"all","NumSerie":"zizoz885","STE":"prod","redirect_state":"all","datefinservice":"","stock":"2"}
2025-07-31 17:05:06 POST: {"action":"add_materiel","STE":"prod","datefinservice":"","NumSerie":"kmp8859","CodeType":"18","CodeMarque":"16","Model":"dmdm","CodeUtilisateur":"185","CodeFournisseur":"fedizbedi@gmail.com","Dateentree":"","Processeur":"","graphique":"","disqdur":"","mhtz":"","mo":"","memoire":"","ip":"","ecran":"","pouce":"","classification":"interne","stock":"1","observation":"","damage_cause":""}
2025-07-31 17:05:32 POST: {"action":"change_state","NumSerie":"kmp8859","STE":"prod","redirect_state":"all","datefinservice":"","stock":"1"}
2025-07-31 17:15:21 POST: {"action":"modify_materiel","STE":"prod","datefinservice":"","NumSerie":"zizoz885","CodeType":"15","CodeMarque":"123457","Model":"lll","CodeUtilisateur":"123","CodeFournisseur":"fedi3@gmail.com","Dateentree":"2025-07-28","Processeur":"","graphique":"","disqdur":"","mhtz":"","mo":"","memoire":"","ip":"","ecran":"","pouce":"","classification":"interne","stock":"1","observation":"","damage_cause":""}
2025-07-31 17:15:35 POST: {"action":"modify_materiel","STE":"prod","datefinservice":"","NumSerie":"zizoz885","CodeType":"15","CodeMarque":"123457","Model":"lll","CodeUtilisateur":"123","CodeFournisseur":"fedi3@gmail.com","Dateentree":"2025-07-28","Processeur":"","graphique":"","disqdur":"","mhtz":"","mo":"","memoire":"","ip":"","ecran":"","pouce":"","classification":"interne","stock":"3","observation":"","damage_cause":""}
2025-07-31 17:20:56 POST: {"action":"modify_materiel","STE":"prod","datefinservice":"","NumSerie":"ldododo856","CodeType":"15","CodeMarque":"123458","Model":"kng","CodeUtilisateur":"555541","CodeFournisseur":"khlifa@gmail.com","Dateentree":"2025-07-28","Processeur":"","graphique":"","disqdur":"","mhtz":"","mo":"","memoire":"","ip":"","ecran":"","pouce":"","classification":"interne","stock":"2","observation":"","damage_cause":""}
2025-07-31 17:26:42 POST: {"action":"modify_materiel","STE":"prod","datefinservice":"","NumSerie":"zizoz885","CodeType":"15","CodeMarque":"123457","Model":"lll","CodeUtilisateur":"123","CodeFournisseur":"fedi3@gmail.com","Dateentree":"2025-07-28","Processeur":"","graphique":"","disqdur":"","mhtz":"","mo":"","memoire":"","ip":"","ecran":"","pouce":"","classification":"interne","stock":"endommage","observation":"","damage_cause":""}
2025-07-31 17:27:43 POST: {"action":"change_state","ste":"prod","state":"all","NumSerie":"zizoz885","STE":"prod","redirect_state":"all","datefinservice":"","stock":"1"}
2025-07-31 17:34:29 POST: {"action":"change_state","ste":"prod","state":"all","NumSerie":"zizoz885","STE":"prod","redirect_state":"all","datefinservice":"","stock":"2"}
2025-07-31 17:34:50 POST: {"action":"change_state","ste":"prod","state":"all","NumSerie":"zizoz885","STE":"prod","redirect_state":"all","datefinservice":"2025-07-31 08:34:50","stock":"3"}
2025-07-31 17:35:34 POST: {"action":"change_state","ste":"prod","state":"all","NumSerie":"zizoz885","STE":"prod","redirect_state":"all","datefinservice":"","stock":"0"}
2025-07-31 17:35:42 POST: {"action":"change_state","ste":"prod","state":"all","NumSerie":"zizoz885","STE":"prod","redirect_state":"all","datefinservice":"2025-07-31 08:35:42","stock":"3"}
2025-07-31 17:36:13 POST: {"action":"change_state","ste":"prod","state":"all","NumSerie":"zizoz885","STE":"prod","redirect_state":"all","datefinservice":"","stock":"1"}
2025-07-31 17:36:17 POST: {"action":"change_state","ste":"prod","state":"all","NumSerie":"zizoz885","STE":"prod","redirect_state":"all","datefinservice":"","stock":"0"}
2025-07-31 17:36:26 POST: {"action":"modify_materiel","STE":"prod","datefinservice":"","NumSerie":"zizoz885","CodeType":"15","CodeMarque":"123457","Model":"lll","CodeUtilisateur":"185","CodeFournisseur":"fedi3@gmail.com","Dateentree":"2025-07-28","Processeur":"","graphique":"","disqdur":"","mhtz":"","mo":"","memoire":"","ip":"","ecran":"","pouce":"","classification":"interne","stock":"en-service","observation":"","damage_cause":""}
2025-07-31 17:39:26 POST: {"action":"change_state","ste":"prod","state":"all","NumSerie":"zizoz885","STE":"prod","redirect_state":"all","datefinservice":"","stock":"1"}
2025-07-31 17:41:19 POST: {"action":"change_state","ste":"prod","state":"all","NumSerie":"zizoz885","STE":"prod","redirect_state":"all","datefinservice":"","stock":"2"}
2025-07-31 17:41:33 POST: {"action":"change_state","ste":"prod","state":"all","NumSerie":"zizoz885","STE":"prod","redirect_state":"all","datefinservice":"","stock":"1"}
2025-07-31 17:45:32 POST: {"action":"change_state","ste":"prod","state":"all","NumSerie":"zizoz885","STE":"prod","redirect_state":"all","datefinservice":"","stock":"1"}
2025-07-31 17:45:49 POST: {"action":"change_state","ste":"prod","state":"all","NumSerie":"zizoz885","STE":"prod","redirect_state":"all","datefinservice":"","stock":"2"}
2025-07-31 17:47:10 POST: {"action":"change_state","ste":"prod","state":"all","NumSerie":"zizoz885","STE":"prod","redirect_state":"all","datefinservice":"","stock":"0"}
2025-07-31 18:14:50 POST: {"action":"change_state","ste":"prod","state":"all","NumSerie":"zizoz885","STE":"prod","redirect_state":"all","datefinservice":"","stock":"2"}
2025-07-31 18:24:14 POST: {"action":"change_state","ste":"prod","state":"all","NumSerie":"zizoz885","STE":"prod","redirect_state":"all","datefinservice":"","stock":"0"}
2025-07-31 18:24:35 POST: {"action":"modify_marque","STE":"prod","Code":"123457","Marque":"asuss"}
2025-07-31 18:24:52 POST: {"action":"modify_utilisateur","STE":"prod","Compte":"185","NomPrenom":"cr7","CodeService":"2","Email":"","Tel":"0"}
2025-07-31 18:25:37 POST: {"action":"delete_fournisseur","Email":"fedizbedi@gmail.com","STE":"prod"}
2025-07-31 18:26:00 POST: {"action":"add_fournisseur","STE":"prod","Email":"maldkjd@gmail.com","CompanyName":"lkklk","NomComplet":"ldhuad ndjna","Adress":"","TelFix":"","TelMobile":""}
2025-07-31 18:26:11 POST: {"action":"delete_fournisseur","Email":"maldkjd@gmail.com","STE":"prod"}
2025-07-31 18:28:43 POST: {"action":"modify_marque","STE":"prod","Code":"123457","Marque":"asus"}
2025-07-31 18:30:36 POST: {"action":"modify_type","STE":"prod","CodeType":"21","Libelle":"mmmmnn"}
2025-07-31 18:32:23 POST: {"action":"modify_type","STE":"prod","CodeType":"21","Libelle":"mmmm"}
2025-07-31 18:34:17 POST: {"action":"modify_type","STE":"prod","CodeType":"21","Libelle":"bmw"}
2025-07-31 18:35:13 POST: {"action":"modify_type","STE":"prod","CodeType":"21","Libelle":"bmwwe"}
2025-07-31 18:36:55 POST: {"action":"modify_service","STE":"prod","CodeService":"10","Libelle":"cpmm"}
2025-07-31 18:37:12 POST: {"action":"modify_marque","STE":"prod","Code":"123457","Marque":"asuss"}
2025-07-31 18:38:45 POST: {"action":"modify_type","STE":"prod","CodeType":"21","Libelle":"bmw"}
2025-07-31 18:48:17 POST: {"action":"modify_type","STE":"prod","CodeType":"21","Libelle":"bmwe"}
2025-07-31 19:31:43 POST: {"action":"modify_service","STE":"prod","CodeService":"10","Libelle":"cpmmm"}
2025-07-31 19:32:12 POST: {"action":"modify_fournisseur","STE":"prod","Email":"fedizbedi@gmail.com","CompanyName":"fmfmfm","NomComplet":"chikh bachar l asad","Adress":"","TelFix":"0","TelMobile":"0"}
2025-07-31 19:32:48 POST: {"action":"add_marque","STE":"prod","Marque":"beya"}
2025-07-31 19:32:54 POST: {"action":"delete_marque","Code":"123461","STE":"prod"}
2025-07-31 19:34:24 POST: {"action":"add_marque","STE":"prod","Marque":"msmsm"}
2025-07-31 19:34:28 POST: {"action":"delete_marque","Code":"123461","STE":"prod"}
2025-07-31 12:45:04 POST: {"action":"add_marque","STE":"prod","Marque":"djdj"}
2025-07-31 12:45:11 POST: {"action":"modify_marque","STE":"prod","Code":"123461","Marque":"djdjd"}
2025-07-31 12:45:16 POST: {"action":"delete_marque","Code":"123461","STE":"prod"}
2025-07-31 12:45:27 POST: {"action":"add_type","STE":"prod","Libelle":"dzlkdjk"}
2025-07-31 12:45:36 POST: {"action":"modify_type","STE":"prod","CodeType":"22","Libelle":"dzlkdjkdd"}
2025-07-31 12:45:40 POST: {"action":"delete_type","CodeType":"22","STE":"prod"}
2025-07-31 12:45:49 POST: {"action":"add_service","STE":"prod","Libelle":"ddddjd"}
2025-07-31 12:45:56 POST: {"action":"modify_service","STE":"prod","CodeService":"12","Libelle":"ddddjdzz"}
2025-07-31 12:46:00 POST: {"action":"delete_service","CodeService":"12","STE":"prod"}
2025-08-11 10:07:11 POST: {"action":"delete_utilisateur","Compte":"0","STE":"prod"}
2025-08-11 10:16:45 POST: {"action":"modify_utilisateur","STE":"prod","Compte":"185","NomPrenom":"cr7","CodeService":"2","Email":"","Tel":"0"}
2025-08-11 10:36:21 POST: {"action":"modify_utilisateur","STE":"Prod","Compte":"WISI51              ","NomPrenom":"Abdellaoui Amor jr","CodeService":"6","Email":"Amor.ABDELLAOUI@aaf.com.tn","Tel":"123"}
2025-08-11 10:36:30 POST: {"action":"modify_utilisateur","STE":"Prod","Compte":"WISI51              ","NomPrenom":"Abdellaoui Amor ","CodeService":"6","Email":"Amor.ABDELLAOUI@aaf.com.tn","Tel":"123"}
2025-08-11 10:36:45 POST: {"action":"add_utilisateur","STE":"Prod","Compte":"dsddsd","NomPrenom":"DEELY","CodeService":"8","Email":"","Tel":""}
2025-08-11 10:37:04 POST: {"action":"delete_utilisateur","Compte":"dsddsd","STE":"Prod"}
2025-08-12 22:45:44 POST: {"action":"modify_utilisateur","STE":"Prod","Compte":"WISI51              ","NomPrenom":"Abdellaoui Amor ","CodeService":"6","Email":"Amor.ABDELLAOUI@aaf.com.tn","Tel":"123333"}
2025-08-12 22:47:03 POST: {"action":"add_utilisateur","STE":"Prod","Compte":"hgvgvhgv","NomPrenom":"hjbjhbjhb","CodeService":"10","Email":"","Tel":""}
2025-08-12 22:47:28 POST: {"action":"delete_utilisateur","Compte":"hgvgvhgv","STE":"Prod"}
2025-08-12 22:55:04 POST: {"action":"add_fournisseur","STE":"all","Email":"DELY@GMAIL.COM","CompanyName":"ahmed mohsen ","NomComplet":"mohsen ahmed","Adress":"","TelFix":"","TelMobile":""}
2025-08-12 22:55:18 POST: {"action":"modify_fournisseur","STE":"all","Email":"DELY@GMAIL.COM","CompanyName":"ahmed mohsen ","NomComplet":"mohsen ahmed","Adress":"","TelFix":"0","TelMobile":"04234243"}
2025-08-12 22:55:55 POST: {"action":"add_materiel","STE":"prod","datefinservice":"","NumSerie":"vjhvhjvjv","CodeType":"4","CodeMarque":"61","Model":"Z","CodeUtilisateur":"ESD AB              ","CodeFournisseur":"DELY@GMAIL.COM","Dateentree":"","Processeur":"","graphique":"","disqdur":"","mhtz":"","mo":"","memoire":"","ip":"","ecran":"","pouce":"","classification":"interne","stock":"en-service","observation":"","damage_cause":""}
2025-08-12 22:56:20 POST: {"action":"modify_materiel","STE":"prod","datefinservice":"","NumSerie":"vjhvhjvjv","CodeType":"4","CodeMarque":"61","Model":"Zrr","CodeUtilisateur":"ESD AB              ","CodeFournisseur":"DELY@GMAIL.COM","Dateentree":"2025-08-12","Processeur":"","graphique":"","disqdur":"","mhtz":"","mo":"","memoire":"","ip":"","ecran":"","pouce":"","classification":"interne","stock":"en-service","observation":"","damage_cause":""}
2025-08-12 22:56:31 POST: {"action":"delete_materiel","NumSerie":"vjhvhjvjv","STE":"prod"}
2025-08-12 23:37:56 POST: {"action":"recuperer_reparation","NumSerie":"ZSKBH9LBC01879F               "}
2025-08-12 23:42:48 POST: {"action":"recuperer_reparation","NumSerie":"ZSKBH9LBC01879F               "}
2025-08-12 23:43:08 POST: {"action":"recuperer_reparation","NumSerie":"ZZ0KHTKF101642K               "}
2025-08-12 23:43:14 POST: {"action":"recuperer_reparation","NumSerie":"ZZNMH4ZH400766N               "}
